Flow report for ZMIPS_1000
Fri Apr 22 15:39:24 2022
Quartus Prime Version 21.1.0 Build 842 10/21/2021 SJ Lite Edition


---------------------
; Table of Contents ;
---------------------
  1. Legal Notice
  2. Flow Summary
  3. Flow Settings
  4. Flow Non-Default Global Settings
  5. Flow Elapsed Time
  6. Flow OS Summary
  7. Flow Log
  8. Flow Messages
  9. Flow Suppressed Messages



----------------
; Legal Notice ;
----------------
Copyright (C) 2021  Intel Corporation. All rights reserved.
Your use of Intel Corporation's design tools, logic functions 
and other software and tools, and any partner logic 
functions, and any output files from any of the foregoing 
(including device programming or simulation files), and any 
associated documentation or information are expressly subject 
to the terms and conditions of the Intel Program License 
Subscription Agreement, the Intel Quartus Prime License Agreement,
the Intel FPGA IP License Agreement, or other applicable license
agreement, including, without limitation, that your use is for
the sole purpose of programming logic devices manufactured by
Intel and sold by Intel or its authorized distributors.  Please
refer to the applicable agreement for further details, at
https://fpgasoftware.intel.com/eula.



+-------------------------------------------------------------------------------+
; Flow Summary                                                                  ;
+---------------------------------+---------------------------------------------+
; Flow Status                     ; Successful - Fri Apr 22 15:39:24 2022       ;
; Quartus Prime Version           ; 21.1.0 Build 842 10/21/2021 SJ Lite Edition ;
; Revision Name                   ; ZMIPS_1000                                  ;
; Top-level Entity Name           ; ZMIPS_1000                                  ;
; Family                          ; Cyclone V                                   ;
; Device                          ; 5CEBA4F23C7                                 ;
; Timing Models                   ; Final                                       ;
; Logic utilization (in ALMs)     ; 1,420 / 18,480 ( 8 % )                      ;
; Total registers                 ; 1448                                        ;
; Total pins                      ; 170 / 224 ( 76 % )                          ;
; Total virtual pins              ; 0                                           ;
; Total block memory bits         ; 1,639,360 / 3,153,920 ( 52 % )              ;
; Total DSP Blocks                ; 0 / 66 ( 0 % )                              ;
; Total HSSI RX PCSs              ; 0                                           ;
; Total HSSI PMA RX Deserializers ; 0                                           ;
; Total HSSI TX PCSs              ; 0                                           ;
; Total HSSI PMA TX Serializers   ; 0                                           ;
; Total PLLs                      ; 2 / 4 ( 50 % )                              ;
; Total DLLs                      ; 0 / 4 ( 0 % )                               ;
+---------------------------------+---------------------------------------------+


+-----------------------------------------+
; Flow Settings                           ;
+-------------------+---------------------+
; Option            ; Setting             ;
+-------------------+---------------------+
; Start date & time ; 04/22/2022 15:30:46 ;
; Main task         ; Compilation         ;
; Revision Name     ; ZMIPS_1000          ;
+-------------------+---------------------+


+-------------------------------------------------------------------------------------------------------------------------+
; Flow Non-Default Global Settings                                                                                        ;
+-------------------------------------+----------------------------------------+---------------+-------------+------------+
; Assignment Name                     ; Value                                  ; Default Value ; Entity Name ; Section Id ;
+-------------------------------------+----------------------------------------+---------------+-------------+------------+
; COMPILER_SIGNATURE_ID               ; 91755617601.165065584600680            ; --            ; --          ; --         ;
; MAX_CORE_JUNCTION_TEMP              ; 85                                     ; --            ; --          ; --         ;
; MIN_CORE_JUNCTION_TEMP              ; 0                                      ; --            ; --          ; --         ;
; MISC_FILE                           ; pll65.cmp                              ; --            ; --          ; --         ;
; MISC_FILE                           ; pll65_sim/pll65.vo                     ; --            ; --          ; --         ;
; MISC_FILE                           ; pll_cpu_40.cmp                         ; --            ; --          ; --         ;
; MISC_FILE                           ; pll_cpu_40_sim/pll_cpu_40.vo           ; --            ; --          ; --         ;
; MISC_FILE                           ; vmem.bsf                               ; --            ; --          ; --         ;
; MISC_FILE                           ; vmem_bb.v                              ; --            ; --          ; --         ;
; MISC_FILE                           ; cpurom_bb.v                            ; --            ; --          ; --         ;
; MISC_FILE                           ; gdrom_bb.v                             ; --            ; --          ; --         ;
; NUM_PARALLEL_PROCESSORS             ; All                                    ; --            ; --          ; --         ;
; PARTITION_COLOR                     ; -- (Not supported for targeted family) ; --            ; --          ; Top        ;
; PARTITION_FITTER_PRESERVATION_LEVEL ; -- (Not supported for targeted family) ; --            ; --          ; Top        ;
; PARTITION_NETLIST_TYPE              ; -- (Not supported for targeted family) ; --            ; --          ; Top        ;
; POWER_BOARD_THERMAL_MODEL           ; None (CONSERVATIVE)                    ; --            ; --          ; --         ;
; POWER_PRESET_COOLING_SOLUTION       ; 23 MM HEAT SINK WITH 200 LFPM AIRFLOW  ; --            ; --          ; --         ;
; SMART_RECOMPILE                     ; On                                     ; Off           ; --          ; --         ;
; SPD_FILE                            ; pll65.spd                              ; --            ; --          ; --         ;
; SPD_FILE                            ; pll_cpu_40.spd                         ; --            ; --          ; --         ;
; SYNTHESIS_ONLY_QIP                  ; On                                     ; --            ; --          ; --         ;
; SYNTHESIS_ONLY_QIP                  ; On                                     ; --            ; --          ; --         ;
+-------------------------------------+----------------------------------------+---------------+-------------+------------+


+--------------------------------------------------------------------------------------------------------------------------+
; Flow Elapsed Time                                                                                                        ;
+----------------------+--------------+-------------------------+---------------------+------------------------------------+
; Module Name          ; Elapsed Time ; Average Processors Used ; Peak Virtual Memory ; Total CPU Time (on all processors) ;
+----------------------+--------------+-------------------------+---------------------+------------------------------------+
; Analysis & Synthesis ; 00:00:12     ; 1.0                     ; 4933 MB             ; 00:00:21                           ;
; Fitter               ; 00:04:24     ; 1.1                     ; 6521 MB             ; 00:16:11                           ;
; Assembler            ; 00:00:05     ; 1.0                     ; 4912 MB             ; 00:00:05                           ;
; Timing Analyzer      ; 00:00:13     ; 2.5                     ; 5235 MB             ; 00:00:26                           ;
; MIF/HEX Update       ; 00:00:07     ; 1.0                     ; 4855 MB             ; 00:00:07                           ;
; Assembler            ; 00:00:05     ; 1.0                     ; 4895 MB             ; 00:00:05                           ;
; MIF/HEX Update       ; 00:00:06     ; 1.0                     ; 4857 MB             ; 00:00:08                           ;
; Assembler            ; 00:00:05     ; 1.0                     ; 4900 MB             ; 00:00:05                           ;
; MIF/HEX Update       ; 00:00:07     ; 1.0                     ; 4855 MB             ; 00:00:07                           ;
; Assembler            ; 00:00:05     ; 1.0                     ; 4903 MB             ; 00:00:05                           ;
; Total                ; 00:05:29     ; --                      ; --                  ; 00:17:40                           ;
+----------------------+--------------+-------------------------+---------------------+------------------------------------+


+------------------------------------------------------------------------------------+
; Flow OS Summary                                                                    ;
+----------------------+------------------+------------+------------+----------------+
; Module Name          ; Machine Hostname ; OS Name    ; OS Version ; Processor type ;
+----------------------+------------------+------------+------------+----------------+
; Analysis & Synthesis ; generic-host   ; Windows 10 ; 10.0       ; x86_64         ;
; Fitter               ; generic-host   ; Windows 10 ; 10.0       ; x86_64         ;
; Assembler            ; generic-host   ; Windows 10 ; 10.0       ; x86_64         ;
; Timing Analyzer      ; generic-host   ; Windows 10 ; 10.0       ; x86_64         ;
; MIF/HEX Update       ; generic-host   ; Windows 10 ; 10.0       ; x86_64         ;
; Assembler            ; generic-host   ; Windows 10 ; 10.0       ; x86_64         ;
; MIF/HEX Update       ; generic-host   ; Windows 10 ; 10.0       ; x86_64         ;
; Assembler            ; generic-host   ; Windows 10 ; 10.0       ; x86_64         ;
; MIF/HEX Update       ; generic-host   ; Windows 10 ; 10.0       ; x86_64         ;
; Assembler            ; generic-host   ; Windows 10 ; 10.0       ; x86_64         ;
+----------------------+------------------+------------+------------+----------------+


------------
; Flow Log ;
------------
quartus_map --read_settings_files=on --write_settings_files=off ZMIPS_1000 -c ZMIPS_1000
quartus_fit --read_settings_files=off --write_settings_files=off ZMIPS_1000 -c ZMIPS_1000
quartus_asm --read_settings_files=off --write_settings_files=off ZMIPS_1000 -c ZMIPS_1000
quartus_sta ZMIPS_1000 -c ZMIPS_1000
quartus_cdb ZMIPS_1000 -c ZMIPS_1000 --update_mif
quartus_asm ZMIPS_1000 -c ZMIPS_1000 --read_settings_files=on --write_settings_files=off
quartus_cdb ZMIPS_1000 -c ZMIPS_1000 --update_mif
quartus_asm ZMIPS_1000 -c ZMIPS_1000 --read_settings_files=on --write_settings_files=off
quartus_cdb ZMIPS_1000 -c ZMIPS_1000 --update_mif
quartus_asm ZMIPS_1000 -c ZMIPS_1000 --read_settings_files=on --write_settings_files=off



